main.c:86:6:recursor	8	static
main.c:90:6:clearScreen	8	static
main.c:97:6:display	400	static
main.c:119:6:rotate	56	static
main.c:138:9:canMove	40	static
main.c:164:9:canRotate	32	static
main.c:185:9:gotLine	24	static
main.c:196:6:pushAboveDown	32	static
main.c:207:9:isGameOver	16	static
main.c:216:6:setScoreText	4	static
main.c:225:6:initGame	16	static
main.c:252:6:HAL_TIM_PeriodElapsedCallback	40	static
main.c:311:5:main	24	static
main.c:393:6:SystemClock_Config	88	static
main.c:437:13:MX_TIM4_Init	32	static
main.c:482:13:MX_USART2_UART_Init	8	static
main.c:515:13:MX_GPIO_Init	32	static
main.c:535:6:HAL_UART_RxCpltCallback	16	static
main.c:576:6:Error_Handler	4	static
